2021-12-28 05:30:42,256:INFO:WikiSumm.py:Url hitted
2021-12-28 05:30:45,029:INFO:WikiSumm.py:Search begins for PYTHON
2021-12-28 05:30:49,372:INFO:WikiSumm.py:Data saved in scrapper file
2021-12-28 05:42:47,836:INFO:WikiSumm.py:Url hitted
2021-12-28 05:42:50,903:INFO:WikiSumm.py:Search begins for physics
2021-12-28 05:46:26,483:INFO:WikiSumm.py:Url hitted
2021-12-28 05:46:29,223:INFO:WikiSumm.py:Search begins for physics
2021-12-28 05:53:33,735:INFO:WikiSumm.py:Url hitted
2021-12-28 05:53:36,927:INFO:WikiSumm.py:Search begins for physics
2021-12-28 05:53:43,515:INFO:WikiSumm.py:Thread run completed
2021-12-28 05:55:30,995:INFO:WikiSumm.py:Url hitted
2021-12-28 05:55:33,847:INFO:WikiSumm.py:Search begins for physics
2021-12-28 05:55:38,238:INFO:WikiSumm.py:Data saved in scrapper file
2021-12-28 09:42:43,034:INFO:WikiSumm.py:Url hitted
2021-12-28 09:42:46,768:INFO:WikiSumm.py:Search begins for physics
2021-12-28 09:42:51,067:INFO:WikiSumm.py:Data saved in scrapper file
2021-12-28 09:44:08,396:INFO:WikiSumm.py:Url hitted
2021-12-28 09:44:11,358:INFO:WikiSumm.py:Search begins for chemistry
2021-12-28 09:44:17,557:INFO:WikiSumm.py:Thread run completed
2021-12-28 09:50:21,836:INFO:WikiSumm.py:Url hitted
2021-12-28 09:50:24,580:INFO:WikiSumm.py:Search begins for History
2021-12-28 09:50:31,041:INFO:WikiSumm.py:Thread run completed
2021-12-28 10:04:56,563:INFO:WikiSumm.py:Url hitted
2021-12-28 10:04:58,905:INFO:WikiSumm.py:Search begins for Chemistry
2021-12-28 10:05:04,007:INFO:WikiSumm.py:Thread run completed
2021-12-28 10:07:42,725:INFO:WikiSumm.py:Url hitted
2021-12-28 10:07:45,470:INFO:WikiSumm.py:Search begins for Physics
2021-12-29 05:19:17,501:INFO:WikiSumm.py:Url hitted
2021-12-29 05:19:20,556:INFO:WikiSumm.py:Search begins for physics
2021-12-29 05:28:04,171:INFO:WikiSumm.py:Url hitted
2021-12-29 05:28:06,813:INFO:WikiSumm.py:Search begins for physics
2021-12-29 05:34:24,478:INFO:WikiSumm.py:Url hitted
2021-12-29 05:35:48,020:INFO:WikiSumm.py:Url hitted
2021-12-29 05:41:32,844:INFO:WikiSumm.py:Url hitted
2021-12-29 05:41:35,907:INFO:WikiSumm.py:Search begins for physics
2021-12-29 05:44:13,750:INFO:WikiSumm.py:Url hitted
2021-12-29 05:44:16,615:INFO:WikiSumm.py:Search begins for Cat
2021-12-29 05:44:25,359:INFO:WikiSumm.py:Thread run completed
2021-12-29 10:00:15,551:INFO:WikiSumm.py:Url hitted
2021-12-29 10:00:18,378:INFO:WikiSumm.py:Search begins for physics
2021-12-29 10:01:35,269:INFO:WikiSumm.py:Url hitted
2021-12-29 10:01:38,241:INFO:WikiSumm.py:Search begins for Sugar
2021-12-29 10:01:45,482:INFO:WikiSumm.py:Thread run completed
2021-12-29 10:03:10,441:INFO:WikiSumm.py:Url hitted
2021-12-29 10:03:13,760:INFO:WikiSumm.py:Search begins for PYTHON
2021-12-29 10:04:23,829:INFO:WikiSumm.py:Url hitted
2021-12-29 10:04:27,506:INFO:WikiSumm.py:Search begins for Chemistry
2021-12-29 10:04:31,849:INFO:WikiSumm.py:Data saved in scrapper file
2021-12-29 10:07:18,026:INFO:WikiSumm.py:Url hitted
2021-12-29 10:07:21,392:INFO:WikiSumm.py:Search begins for physics
2021-12-29 10:10:10,132:INFO:WikiSumm.py:Url hitted
2021-12-29 10:10:12,722:INFO:WikiSumm.py:Search begins for physics
2021-12-30 06:07:15,011:INFO:WikiSumm.py:Url hitted
2021-12-30 06:07:45,458:INFO:WikiSumm.py:Url hitted
2021-12-30 06:07:54,156:INFO:WikiSumm.py:Search begins for CMU Common Lisp
2021-12-30 06:19:19,647:INFO:WikiSumm.py:Url hitted
2021-12-30 06:19:29,112:INFO:WikiSumm.py:Search begins for Python (Efteling)
2021-12-30 06:21:43,295:INFO:WikiSumm.py:Url hitted
2021-12-30 06:21:49,432:INFO:WikiSumm.py:Search begins for Python (programming language)
2021-12-30 06:22:00,385:INFO:WikiSumm.py:Thread run completed
2021-12-30 06:33:39,964:INFO:WikiSumm.py:Url hitted
2021-12-30 06:33:45,993:INFO:WikiSumm.py:Search begins for Sugar
2021-12-30 06:33:53,363:INFO:WikiSumm.py:Thread run completed
2021-12-30 06:35:55,094:INFO:WikiSumm.py:Url hitted
2021-12-30 06:36:00,599:INFO:WikiSumm.py:Search begins for Saly
2021-12-30 06:36:03,223:INFO:WikiSumm.py:Thread run completed
2021-12-30 06:44:33,938:INFO:WikiSumm.py:Url hitted
2021-12-30 06:44:39,701:INFO:WikiSumm.py:Search begins for Spic
2021-12-30 06:44:42,330:INFO:WikiSumm.py:Thread run completed
2021-12-30 09:39:27,893:INFO:WikiSumm.py:Url hitted
2021-12-30 09:42:25,288:INFO:WikiSumm.py:Url hitted
2021-12-30 09:43:30,407:INFO:WikiSumm.py:Url hitted
2021-12-30 09:43:40,889:INFO:WikiSumm.py:Search begins for Physical (Gabe Gurnsey album)
2021-12-30 09:43:43,229:INFO:WikiSumm.py:Thread run completed
2021-12-30 09:46:12,714:INFO:WikiSumm.py:Url hitted
2021-12-30 09:46:21,381:INFO:WikiSumm.py:Search begins for Dua Lipa
2021-12-30 09:46:35,910:INFO:WikiSumm.py:Thread run completed
2021-12-30 16:18:15,211:INFO:WikiSumm.py:Url hitted
2021-12-30 16:18:22,866:INFO:WikiSumm.py:Search begins for Pythonidae
2021-12-30 16:18:25,058:INFO:WikiSumm.py:Thread run completed
2021-12-30 16:28:17,604:INFO:WikiSumm.py:Url hitted
2021-12-30 16:28:22,933:INFO:WikiSumm.py:Search begins for Python (programming language)
2021-12-30 16:28:29,198:INFO:WikiSumm.py:Thread run completed
2021-12-31 10:22:34,296:INFO:WikiSumm.py:Url hitted
2021-12-31 10:22:39,791:INFO:WikiSumm.py:Search begins for Chemistry
2021-12-31 10:30:02,599:INFO:WikiSumm.py:Url hitted
2021-12-31 10:30:07,715:INFO:WikiSumm.py:Search begins for Chemistry
2021-12-31 10:33:23,193:INFO:WikiSumm.py:Url hitted
2021-12-31 10:33:28,678:INFO:WikiSumm.py:Search begins for Chemistry
2021-12-31 10:33:45,738:INFO:WikiSumm.py:Thread run completed
2021-12-31 10:48:03,424:INFO:WikiSumm.py:Url hitted
2021-12-31 10:48:08,770:INFO:WikiSumm.py:Search begins for Chemistry
2021-12-31 10:48:26,030:INFO:WikiSumm.py:Thread run completed
2021-12-31 11:10:08,178:INFO:WikiSumm.py:Url hitted
2021-12-31 11:10:13,829:INFO:WikiSumm.py:Search begins for Chemistry
2021-12-31 11:27:15,547:INFO:WikiSumm.py:Url hitted
2021-12-31 11:27:21,838:INFO:WikiSumm.py:Search begins for Chemistry
2021-12-31 11:27:25,690:INFO:WikiSumm.py:Data saved in scrapper file
2021-12-31 11:28:12,737:INFO:WikiSumm.py:Url hitted
2021-12-31 11:28:18,462:INFO:WikiSumm.py:Search begins for Python (programming language)
2021-12-31 11:28:33,752:INFO:WikiSumm.py:Thread run completed
2021-12-31 13:02:57,591:INFO:WikiSumm.py:Url hitted
2021-12-31 13:03:05,439:INFO:WikiSumm.py:Search begins for Python (programming language)
2021-12-31 13:03:09,671:INFO:WikiSumm.py:Data saved in scrapper file
